[12Feb2025 16:34:30.808] [main/INFO] [cpw.mods.modlauncher.Launcher/MODLAUNCHER]: ModLauncher running: args [--launchTarget, forgeclientuserdev, --version, 21.1.101, --assetIndex, asset-index, --assetsDir, C:\\Users\\dread\\.gradle\\caches\\minecraft\\assets, --gameDir, ., --fml.neoForgeVersion, 21.1.101, --fml.fmlVersion, 4.0.35, --fml.mcVersion, 1.21.1, --fml.neoFormVersion, 20240808.144430]
[12Feb2025 16:34:30.812] [main/INFO] [cpw.mods.modlauncher.Launcher/MODLAUNCHER]: JVM identified as Eclipse Adoptium OpenJDK 64-Bit Server VM 21.0.6+7-LTS
[12Feb2025 16:34:30.813] [main/INFO] [cpw.mods.modlauncher.Launcher/MODLAUNCHER]: ModLauncher 11.0.4+main.d2e20e43 starting: java version 21.0.6 by Eclipse Adoptium; OS Windows 11 arch amd64 version 10.0
[12Feb2025 16:34:30.913] [main/INFO] [net.neoforged.fml.loading.ImmediateWindowHandler/]: Loading ImmediateWindowProvider fmlearlywindow
[12Feb2025 16:34:31.018] [main/INFO] [EARLYDISPLAY/]: Trying GL version 4.6
[12Feb2025 16:34:31.122] [main/INFO] [EARLYDISPLAY/]: Requested GL version 4.6 got version 4.6
[12Feb2025 16:34:31.217] [main/INFO] [mixin/]: SpongePowered MIXIN Subsystem Version=0.8.7 Source=union:/C:/Users/dread/.gradle/caches/modules-2/files-2.1/net.fabricmc/sponge-mixin/0.15.2+mixin.0.8.7/2af2f021d8e02a0220dc27a7a72b4666d66d44ca/sponge-mixin-0.15.2+mixin.0.8.7.jar%23135!/ Service=ModLauncher Env=CLIENT
[12Feb2025 16:34:31.339] [main/INFO] [net.neoforged.fml.loading.moddiscovery.ModDiscoverer/SCAN]: Found mod file "neoforge-21.1.101.jar" [locator: neoforge devenv provider ([E:\GitHub\KK ReMind\Kingdom-Keys--Magicks-Addon\.gradle\repositories\ng_dummy_ng\net\neoforged\neoforge\21.1.101\neoforge-21.1.101.jar])]
[12Feb2025 16:34:31.359] [main/INFO] [net.neoforged.fml.loading.moddiscovery.ModDiscoverer/SCAN]: Found mod file "neoforge-21.1.101.jar" [locator: neoforge devenv provider ([E:\GitHub\KK ReMind\Kingdom-Keys--Magicks-Addon\.gradle\repositories\ng_dummy_ng\net\neoforged\neoforge\21.1.101\neoforge-21.1.101.jar])]
[12Feb2025 16:34:31.369] [main/INFO] [net.neoforged.fml.loading.moddiscovery.ModDiscoverer/SCAN]: Found mod file "main" [locator: userdev mods and services, reader: mod manifest]
[12Feb2025 16:34:31.381] [main/INFO] [net.neoforged.fml.loading.moddiscovery.ModDiscoverer/SCAN]: Found mod file "neoforge-21.1.101.jar" [locator: userdev mods and services, reader: mod manifest]
[12Feb2025 16:34:31.385] [main/INFO] [net.neoforged.fml.loading.moddiscovery.ModDiscoverer/SCAN]: Found mod file "kingdom-keys-re-coded-242862-6186823-sources-6186824.jar" [locator: userdev mods and services, reader: mod manifest]
[12Feb2025 16:34:31.390] [main/INFO] [net.neoforged.fml.loading.moddiscovery.ModDiscoverer/SCAN]: Found mod file "jei-1.21.1-neoforge-19.21.0.247.jar" [locator: userdev mods and services, reader: mod manifest]
[12Feb2025 16:34:31.406] [pool-2-thread-1/INFO] [EARLYDISPLAY/]: GL info: AMD Radeon RX 6600 GL version 4.6.0 Core Profile Context 24.10.34.240723, ATI Technologies Inc.
[12Feb2025 16:34:31.449] [main/INFO] [net.neoforged.fml.loading.moddiscovery.ModDiscoverer/SCAN]: Found gamelibrary file "mixinextras-neoforge-0.4.1.jar" [locator: userdev mods and services, reader: mod manifest]
[12Feb2025 16:34:31.541] [main/WARN] [net.neoforged.jarjar.selection.JarSelector/]: Attempted to select a dependency jar for JarJar which was passed in as source: library:mixinextras.neoforge. Using Mod File: C:\Users\dread\.gradle\caches\modules-2\files-2.1\io.github.llamalad7\mixinextras-neoforge\0.4.1\eff97772ecd0dcf8e52cdbafd3b3ccec425f8314\mixinextras-neoforge-0.4.1.jar
[12Feb2025 16:34:31.541] [main/INFO] [net.neoforged.fml.loading.moddiscovery.locators.JarInJarDependencyLocator/]: Found 1 dependencies adding them to mods collection
[12Feb2025 16:34:31.541] [main/INFO] [net.neoforged.fml.loading.moddiscovery.ModDiscoverer/SCAN]: Found library file "neoforge-coremods-21.1.101.jar" [parent: neoforge-21.1.101.jar, locator: jarinjar, reader: mod manifest]
[12Feb2025 16:34:31.542] [main/INFO] [net.neoforged.fml.loading.moddiscovery.ModDiscoverer/]: 
     Mod List:
		Name Version (Mod Id)

		Just Enough Items 19.21.0.247 (jei)
		Kingdom Keys 2.6.0a (kingdomkeys)
		Kingdom Keys Re:Mind 0.8.5.3.3 (kkremind)
		Minecraft 1.21.1 (minecraft)
		NeoForge 21.1.101 (neoforge)
[12Feb2025 16:34:32.083] [main/INFO] [mixin/]: Compatibility level set to JAVA_21
[12Feb2025 16:34:32.090] [main/INFO] [cpw.mods.modlauncher.LaunchServiceHandler/MODLAUNCHER]: Launching target 'forgeclientuserdev' with arguments [--version, 21.1.101, --gameDir, ., --assetsDir, C:\Users\dread\.gradle\caches\minecraft\assets, --assetIndex, asset-index]
[12Feb2025 16:34:32.129] [main/WARN] [mixin/]: Reference map 'kingdomkeys.refmap.json' for kingdomkeys.mixins.json could not be read. If this is a development environment you can ignore this message
[12Feb2025 16:34:32.131] [main/WARN] [mixin/]: Reference map 'kkremind.refmap.json' for kkremind.mixins.json could not be read. If this is a development environment you can ignore this message
[12Feb2025 16:34:33.474] [Datafixer Bootstrap/INFO] [com.mojang.datafixers.DataFixerBuilder/]: 229 Datafixer optimizations took 358 milliseconds
[12Feb2025 16:34:33.621] [pool-9-thread-1/INFO] [MixinExtras|Service/]: Initializing MixinExtras via com.llamalad7.mixinextras.service.MixinExtrasServiceImpl(version=0.4.1).
[12Feb2025 16:34:37.153] [main/WARN] [net.minecraft.commands.Commands/]: Ambiguity between arguments [teleport, location] and [teleport, destination] with inputs: [0.1 -0.5 .9, 0 0 0]
[12Feb2025 16:34:37.155] [main/WARN] [net.minecraft.commands.Commands/]: Ambiguity between arguments [teleport, location] and [teleport, targets] with inputs: [0.1 -0.5 .9, 0 0 0]
[12Feb2025 16:34:37.158] [main/WARN] [net.minecraft.commands.Commands/]: Ambiguity between arguments [teleport, destination] and [teleport, targets] with inputs: [Player, 0123, @e, dd12be42-52a9-4a91-a8a1-11c01849e498]
[12Feb2025 16:34:37.159] [main/WARN] [net.minecraft.commands.Commands/]: Ambiguity between arguments [teleport, targets] and [teleport, destination] with inputs: [Player, 0123, dd12be42-52a9-4a91-a8a1-11c01849e498]
[12Feb2025 16:34:37.161] [main/WARN] [net.minecraft.commands.Commands/]: Ambiguity between arguments [teleport, targets, location] and [teleport, targets, destination] with inputs: [0.1 -0.5 .9, 0 0 0]
[12Feb2025 16:34:37.275] [Render thread/WARN] [net.minecraft.server.packs.VanillaPackResourcesBuilder/]: Assets URL 'union:/E:/GitHub/KK%20ReMind/Kingdom-Keys--Magicks-Addon/.gradle/repositories/ng_dummy_ng/net/neoforged/neoforge/21.1.101/neoforge-21.1.101.jar%23189!/assets/.mcassetsroot' uses unexpected schema
[12Feb2025 16:34:37.275] [Render thread/WARN] [net.minecraft.server.packs.VanillaPackResourcesBuilder/]: Assets URL 'union:/E:/GitHub/KK%20ReMind/Kingdom-Keys--Magicks-Addon/.gradle/repositories/ng_dummy_ng/net/neoforged/neoforge/21.1.101/neoforge-21.1.101.jar%23189!/data/.mcassetsroot' uses unexpected schema
[12Feb2025 16:34:37.299] [Render thread/INFO] [com.mojang.authlib.yggdrasil.YggdrasilAuthenticationService/]: Environment: Environment[sessionHost=https://sessionserver.mojang.com, servicesHost=https://api.minecraftservices.com, name=PROD]
[12Feb2025 16:34:37.308] [Render thread/INFO] [net.minecraft.client.Minecraft/]: Setting user: Dev
[12Feb2025 16:34:37.386] [Render thread/INFO] [net.minecraft.client.Minecraft/]: Backend library: LWJGL version 3.3.3+5
[12Feb2025 16:34:37.575] [modloading-worker-0/INFO] [net.neoforged.neoforge.common.NeoForgeMod/NEOFORGE-MOD]: NeoForge mod loading, version 21.1.101, for MC 1.21.1
[12Feb2025 16:34:38.005] [modloading-worker-0/INFO] [mezz.jei.library.load.PluginCaller/]: Sending ConfigManager...
[12Feb2025 16:34:38.008] [modloading-worker-0/INFO] [mezz.jei.library.load.PluginCaller/]: Sending ConfigManager took 1.379 ms
[12Feb2025 16:34:38.206] [modloading-sync-worker/INFO] [online.kingdomkeys.kingdomkeys.KingdomKeys/]: LOAD CLIENT CONFIG
[12Feb2025 16:34:38.210] [modloading-sync-worker/INFO] [online.kingdomkeys.kingdomkeys.KingdomKeys/]: LOAD COMMON CONFIG
[12Feb2025 16:34:38.564] [Render thread/INFO] [net.neoforged.neoforge.gametest.GameTestHooks/]: Enabled Gametest Namespaces: []
[12Feb2025 16:34:38.883] [Render thread/INFO] [net.minecraft.server.packs.resources.ReloadableResourceManager/]: Reloading ResourceManager: vanilla, mod_resources, mod/kingdomkeys, mod/kkremind, mod/neoforge, mod/jei
[12Feb2025 16:34:38.995] [Worker-Main-3/INFO] [net.minecraft.client.gui.font.providers.UnihexProvider/]: Found unifont_all_no_pua-15.1.05.hex, loading
[12Feb2025 16:34:39.079] [Worker-Main-8/INFO] [net.minecraft.client.gui.font.providers.UnihexProvider/]: Found unifont_jp_patch-15.1.05.hex, loading
[12Feb2025 16:34:39.252] [Worker-Main-6/INFO] [online.remind.remind.KingdomKeysReMind/]: Kingdom Keys Re:Mind Enabled!
[12Feb2025 16:34:39.252] [Worker-Main-6/INFO] [online.remind.remind.KingdomKeysReMind/]: MINECRAFT NAME >> Dev
[12Feb2025 16:34:39.308] [Worker-Main-2/WARN] [net.minecraft.client.renderer.texture.SpriteLoader/]: Texture kingdomkeys:block/savepoint with size 1x1 limits mip level from 4 to 0
[12Feb2025 16:34:40.274] [Worker-Main-2/WARN] [net.minecraft.client.resources.model.ModelBakery/]: Unable to load model: 'forge:block/default' referenced from: kingdomkeys:block/warp_point: java.io.FileNotFoundException: forge:models/block/default.json
[12Feb2025 16:34:40.275] [Worker-Main-2/WARN] [net.minecraft.client.resources.model.BlockStateModelLoader/]: Exception loading blockstate definition: 'kingdomkeys:blockstates/magical_chest.json' missing model for variant: 'kingdomkeys:magical_chest#big=true,facing=up'
[12Feb2025 16:34:40.275] [Worker-Main-2/WARN] [net.minecraft.client.resources.model.BlockStateModelLoader/]: Exception loading blockstate definition: 'kingdomkeys:blockstates/magical_chest.json' missing model for variant: 'kingdomkeys:magical_chest#big=false,facing=up'
[12Feb2025 16:34:40.275] [Worker-Main-2/WARN] [net.minecraft.client.resources.model.BlockStateModelLoader/]: Exception loading blockstate definition: 'kingdomkeys:blockstates/magical_chest.json' missing model for variant: 'kingdomkeys:magical_chest#big=false,facing=down'
[12Feb2025 16:34:40.275] [Worker-Main-2/WARN] [net.minecraft.client.resources.model.BlockStateModelLoader/]: Exception loading blockstate definition: 'kingdomkeys:blockstates/magical_chest.json' missing model for variant: 'kingdomkeys:magical_chest#big=true,facing=down'
[12Feb2025 16:34:40.275] [Worker-Main-2/WARN] [net.minecraft.client.resources.model.BlockStateModelLoader/]: Exception loading blockstate definition: 'kingdomkeys:blockstates/soa_door.json' missing model for variant: 'kingdomkeys:soa_door#facing=up'
[12Feb2025 16:34:40.275] [Worker-Main-2/WARN] [net.minecraft.client.resources.model.BlockStateModelLoader/]: Exception loading blockstate definition: 'kingdomkeys:blockstates/soa_door.json' missing model for variant: 'kingdomkeys:soa_door#facing=down'
[12Feb2025 16:34:40.275] [Worker-Main-2/WARN] [net.minecraft.client.resources.model.BlockStateModelLoader/]: Exception loading blockstate definition: 'kingdomkeys:blockstates/gummi_editor.json' missing model for variant: 'kingdomkeys:gummi_editor#facing=north'
[12Feb2025 16:34:40.275] [Worker-Main-2/WARN] [net.minecraft.client.resources.model.BlockStateModelLoader/]: Exception loading blockstate definition: 'kingdomkeys:blockstates/gummi_editor.json' missing model for variant: 'kingdomkeys:gummi_editor#facing=east'
[12Feb2025 16:34:40.276] [Worker-Main-2/WARN] [net.minecraft.client.resources.model.BlockStateModelLoader/]: Exception loading blockstate definition: 'kingdomkeys:blockstates/gummi_editor.json' missing model for variant: 'kingdomkeys:gummi_editor#facing=west'
[12Feb2025 16:34:40.276] [Worker-Main-2/WARN] [net.minecraft.client.resources.model.BlockStateModelLoader/]: Exception loading blockstate definition: 'kingdomkeys:blockstates/gummi_editor.json' missing model for variant: 'kingdomkeys:gummi_editor#facing=up'
[12Feb2025 16:34:40.276] [Worker-Main-2/WARN] [net.minecraft.client.resources.model.BlockStateModelLoader/]: Exception loading blockstate definition: 'kingdomkeys:blockstates/gummi_editor.json' missing model for variant: 'kingdomkeys:gummi_editor#facing=south'
[12Feb2025 16:34:40.276] [Worker-Main-2/WARN] [net.minecraft.client.resources.model.BlockStateModelLoader/]: Exception loading blockstate definition: 'kingdomkeys:blockstates/gummi_editor.json' missing model for variant: 'kingdomkeys:gummi_editor#facing=down'
[12Feb2025 16:34:40.276] [Worker-Main-2/WARN] [net.minecraft.client.resources.model.BlockStateModelLoader/]: Exception loading blockstate definition: 'kingdomkeys:blockstates/sor_core.json' missing model for variant: 'kingdomkeys:sor_core#'
[12Feb2025 16:34:40.276] [Worker-Main-2/WARN] [net.minecraft.client.resources.model.BlockStateModelLoader/]: Exception loading blockstate definition: 'kingdomkeys:blockstates/data_portal.json' missing model for variant: 'kingdomkeys:data_portal#facing=down'
[12Feb2025 16:34:40.276] [Worker-Main-2/WARN] [net.minecraft.client.resources.model.BlockStateModelLoader/]: Exception loading blockstate definition: 'kingdomkeys:blockstates/data_portal.json' missing model for variant: 'kingdomkeys:data_portal#facing=up'
[12Feb2025 16:34:40.276] [Worker-Main-2/WARN] [net.minecraft.client.resources.model.BlockStateModelLoader/]: Exception loading blockstate definition: 'kingdomkeys:blockstates/card_door.json' missing model for variant: 'kingdomkeys:card_door#facing=up,generated=true,open=true,type=true'
[12Feb2025 16:34:40.276] [Worker-Main-2/WARN] [net.minecraft.client.resources.model.BlockStateModelLoader/]: Exception loading blockstate definition: 'kingdomkeys:blockstates/card_door.json' missing model for variant: 'kingdomkeys:card_door#facing=down,generated=true,open=false,type=false'
[12Feb2025 16:34:40.277] [Worker-Main-2/WARN] [net.minecraft.client.resources.model.BlockStateModelLoader/]: Exception loading blockstate definition: 'kingdomkeys:blockstates/card_door.json' missing model for variant: 'kingdomkeys:card_door#facing=down,generated=false,open=false,type=true'
[12Feb2025 16:34:40.277] [Worker-Main-2/WARN] [net.minecraft.client.resources.model.BlockStateModelLoader/]: Exception loading blockstate definition: 'kingdomkeys:blockstates/card_door.json' missing model for variant: 'kingdomkeys:card_door#facing=down,generated=false,open=false,type=false'
[12Feb2025 16:34:40.277] [Worker-Main-2/WARN] [net.minecraft.client.resources.model.BlockStateModelLoader/]: Exception loading blockstate definition: 'kingdomkeys:blockstates/card_door.json' missing model for variant: 'kingdomkeys:card_door#facing=down,generated=false,open=true,type=false'
[12Feb2025 16:34:40.277] [Worker-Main-2/WARN] [net.minecraft.client.resources.model.BlockStateModelLoader/]: Exception loading blockstate definition: 'kingdomkeys:blockstates/card_door.json' missing model for variant: 'kingdomkeys:card_door#facing=up,generated=true,open=false,type=true'
[12Feb2025 16:34:40.277] [Worker-Main-2/WARN] [net.minecraft.client.resources.model.BlockStateModelLoader/]: Exception loading blockstate definition: 'kingdomkeys:blockstates/card_door.json' missing model for variant: 'kingdomkeys:card_door#facing=up,generated=false,open=false,type=true'
[12Feb2025 16:34:40.277] [Worker-Main-2/WARN] [net.minecraft.client.resources.model.BlockStateModelLoader/]: Exception loading blockstate definition: 'kingdomkeys:blockstates/card_door.json' missing model for variant: 'kingdomkeys:card_door#facing=down,generated=true,open=false,type=true'
[12Feb2025 16:34:40.277] [Worker-Main-2/WARN] [net.minecraft.client.resources.model.BlockStateModelLoader/]: Exception loading blockstate definition: 'kingdomkeys:blockstates/card_door.json' missing model for variant: 'kingdomkeys:card_door#facing=up,generated=false,open=true,type=false'
[12Feb2025 16:34:40.277] [Worker-Main-2/WARN] [net.minecraft.client.resources.model.BlockStateModelLoader/]: Exception loading blockstate definition: 'kingdomkeys:blockstates/card_door.json' missing model for variant: 'kingdomkeys:card_door#facing=up,generated=true,open=false,type=false'
[12Feb2025 16:34:40.277] [Worker-Main-2/WARN] [net.minecraft.client.resources.model.BlockStateModelLoader/]: Exception loading blockstate definition: 'kingdomkeys:blockstates/card_door.json' missing model for variant: 'kingdomkeys:card_door#facing=down,generated=true,open=true,type=false'
[12Feb2025 16:34:40.277] [Worker-Main-2/WARN] [net.minecraft.client.resources.model.BlockStateModelLoader/]: Exception loading blockstate definition: 'kingdomkeys:blockstates/card_door.json' missing model for variant: 'kingdomkeys:card_door#facing=up,generated=false,open=false,type=false'
[12Feb2025 16:34:40.277] [Worker-Main-2/WARN] [net.minecraft.client.resources.model.BlockStateModelLoader/]: Exception loading blockstate definition: 'kingdomkeys:blockstates/card_door.json' missing model for variant: 'kingdomkeys:card_door#facing=down,generated=false,open=true,type=true'
[12Feb2025 16:34:40.277] [Worker-Main-2/WARN] [net.minecraft.client.resources.model.BlockStateModelLoader/]: Exception loading blockstate definition: 'kingdomkeys:blockstates/card_door.json' missing model for variant: 'kingdomkeys:card_door#facing=up,generated=true,open=true,type=false'
[12Feb2025 16:34:40.277] [Worker-Main-2/WARN] [net.minecraft.client.resources.model.BlockStateModelLoader/]: Exception loading blockstate definition: 'kingdomkeys:blockstates/card_door.json' missing model for variant: 'kingdomkeys:card_door#facing=down,generated=true,open=true,type=true'
[12Feb2025 16:34:40.277] [Worker-Main-2/WARN] [net.minecraft.client.resources.model.BlockStateModelLoader/]: Exception loading blockstate definition: 'kingdomkeys:blockstates/card_door.json' missing model for variant: 'kingdomkeys:card_door#facing=up,generated=false,open=true,type=true'
[12Feb2025 16:34:40.281] [Worker-Main-2/WARN] [net.minecraft.client.resources.model.ModelBakery/]: Unable to load model: 'kkremind:item/chirithy_spawn_egg' referenced from: kkremind:item/chirithy_spawn_egg: java.io.FileNotFoundException: kkremind:models/item/chirithy_spawn_egg.json
[12Feb2025 16:34:40.284] [Worker-Main-2/WARN] [net.minecraft.client.resources.model.ModelBakery/]: Unable to load model: 'kingdomkeys:item/sor_core' referenced from: kingdomkeys:item/sor_core: java.io.FileNotFoundException: kingdomkeys:models/item/sor_core.json
[12Feb2025 16:34:40.285] [Worker-Main-2/WARN] [net.minecraft.client.resources.model.ModelBakery/]: Unable to load model: 'kingdomkeys:block/gummi_editor' referenced from: kingdomkeys:item/gummi_editor: java.io.FileNotFoundException: kingdomkeys:models/block/gummi_editor.json
[12Feb2025 16:34:41.268] [Render thread/INFO] [online.remind.remind.KingdomKeysReMind/]: REGISTERING PACKETS
[12Feb2025 16:34:41.329] [Render thread/WARN] [net.minecraft.client.sounds.SoundEngine/]: Missing sound for event: minecraft:item.goat_horn.play
[12Feb2025 16:34:41.329] [Render thread/WARN] [net.minecraft.client.sounds.SoundEngine/]: Missing sound for event: minecraft:entity.goat.screaming.horn_break
[12Feb2025 16:34:41.359] [Render thread/INFO] [com.mojang.blaze3d.audio.Library/]: OpenAL initialized on device OpenAL Soft on Speakers (Razer Kraken V3 Pro)
[12Feb2025 16:34:41.361] [Render thread/INFO] [net.minecraft.client.sounds.SoundEngine/SOUNDS]: Sound engine started
[12Feb2025 16:34:41.433] [Render thread/INFO] [net.minecraft.client.renderer.texture.TextureAtlas/]: Created: 4096x4096x4 minecraft:textures/atlas/blocks.png-atlas
[12Feb2025 16:34:41.474] [Render thread/INFO] [net.minecraft.client.renderer.texture.TextureAtlas/]: Created: 256x256x4 minecraft:textures/atlas/signs.png-atlas
[12Feb2025 16:34:41.475] [Render thread/INFO] [net.minecraft.client.renderer.texture.TextureAtlas/]: Created: 512x512x4 minecraft:textures/atlas/shield_patterns.png-atlas
[12Feb2025 16:34:41.475] [Render thread/INFO] [net.minecraft.client.renderer.texture.TextureAtlas/]: Created: 512x512x4 minecraft:textures/atlas/banner_patterns.png-atlas
[12Feb2025 16:34:41.478] [Render thread/INFO] [net.minecraft.client.renderer.texture.TextureAtlas/]: Created: 1024x1024x4 minecraft:textures/atlas/armor_trims.png-atlas
[12Feb2025 16:34:41.484] [Render thread/INFO] [net.minecraft.client.renderer.texture.TextureAtlas/]: Created: 128x64x4 minecraft:textures/atlas/decorated_pot.png-atlas
[12Feb2025 16:34:41.484] [Render thread/INFO] [net.minecraft.client.renderer.texture.TextureAtlas/]: Created: 256x256x4 minecraft:textures/atlas/chest.png-atlas
[12Feb2025 16:34:41.485] [Render thread/INFO] [net.minecraft.client.renderer.texture.TextureAtlas/]: Created: 512x256x4 minecraft:textures/atlas/shulker_boxes.png-atlas
[12Feb2025 16:34:41.485] [Render thread/INFO] [net.minecraft.client.renderer.texture.TextureAtlas/]: Created: 512x256x4 minecraft:textures/atlas/beds.png-atlas
[12Feb2025 16:34:41.764] [Render thread/INFO] [net.minecraft.client.renderer.texture.TextureAtlas/]: Created: 512x256x0 minecraft:textures/atlas/particles.png-atlas
[12Feb2025 16:34:41.766] [Render thread/INFO] [net.minecraft.client.renderer.texture.TextureAtlas/]: Created: 512x256x0 minecraft:textures/atlas/paintings.png-atlas
[12Feb2025 16:34:41.766] [Render thread/INFO] [net.minecraft.client.renderer.texture.TextureAtlas/]: Created: 256x128x0 minecraft:textures/atlas/mob_effects.png-atlas
[12Feb2025 16:34:41.766] [Render thread/INFO] [net.minecraft.client.renderer.texture.TextureAtlas/]: Created: 64x64x0 minecraft:textures/atlas/map_decorations.png-atlas
[12Feb2025 16:34:41.767] [Render thread/INFO] [net.minecraft.client.renderer.texture.TextureAtlas/]: Created: 1024x512x0 minecraft:textures/atlas/gui.png-atlas
[12Feb2025 16:34:41.792] [Render thread/WARN] [net.minecraft.client.renderer.ShaderInstance/]: Shader rendertype_entity_translucent_emissive could not find sampler named Sampler2 in the specified shader program.
[12Feb2025 16:34:41.842] [Render thread/INFO] [net.neoforged.neoforge.client.entity.animation.json.AnimationLoader/]: Loaded 0 entity animations
[12Feb2025 16:34:41.844] [Render thread/INFO] [net.minecraft.client.renderer.texture.TextureAtlas/]: Created: 256x256x0 jei:textures/atlas/gui.png-atlas
[12Feb2025 16:35:04.709] [Render thread/INFO] [net.minecraft.client.Minecraft/]: Stopping!
